Flutter crash report.
Please report a bug at https://github.com/flutter/flutter/issues.

## command

flutter build ios --release

## exception

ProcessException: ProcessException: Process exited abnormally with exit code 78:
Command line invocation:
    /Applications/Xcode.app/Contents/Developer/usr/bin/xcodebuild -list


2025-11-21 11:28:51.423 xcodebuild[15045:136925] Writing error result bundle to /var/folders/gy/3n1tlvsx3xl9hbkjyqkf8bc40000gn/T/ResultBundle_2025-21-11_11-28-0051.xcresult
xcodebuild: error: The directory /Users/webtechsoft/Documents/new/MyTrainingApp-develop/ios contains 2 projects, including multiple projects with the current extension (.xcodeproj). Specify the project to use with the -project option.
  Command: /usr/bin/arch -arm64e xcrun xcodebuild -list

```
#0      RunResult.throwException (package:flutter_tools/src/base/process.dart:118:5)
#1      _DefaultProcessUtils.run (package:flutter_tools/src/base/process.dart:344:19)
<asynchronous suspension>
#2      XcodeProjectInterpreter.getInfo (package:flutter_tools/src/ios/xcodeproj.dart:328:30)
<asynchronous suspension>
#3      XcodeBasedProject.projectInfo (package:flutter_tools/src/xcode_project.dart:204:29)
<asynchronous suspension>
#4      XcodeBasedProject.buildSettingsForBuildInfo (package:flutter_tools/src/xcode_project.dart:240:36)
<asynchronous suspension>
#5      IosProject._parseProductName (package:flutter_tools/src/xcode_project.dart:666:55)
<asynchronous suspension>
#6      IosProject.productName (package:flutter_tools/src/xcode_project.dart:654:29)
<asynchronous suspension>
#7      BuildableIOSApp.fromProject (package:flutter_tools/src/ios/application_package.dart:118:33)
<asynchronous suspension>
#8      FlutterApplicationPackageFactory.getPackageForPlatform (package:flutter_tools/src/flutter_application_package.dart:79:15)
<asynchronous suspension>
#9      _BuildIOSSubCommand.buildableIOSApp.<anonymous closure> (package:flutter_tools/src/commands/build_ios.dart:710:9)
<asynchronous suspension>
#10     _BuildIOSSubCommand.runCommand (package:flutter_tools/src/commands/build_ios.dart:750:33)
<asynchronous suspension>
#11     FlutterCommand.run.<anonymous closure> (package:flutter_tools/src/runner/flutter_command.dart:1581:27)
<asynchronous suspension>
#12     AppContext.run.<anonymous closure> (package:flutter_tools/src/base/context.dart:154:19)
<asynchronous suspension>
#13     CommandRunner.runCommand (package:args/command_runner.dart:212:13)
<asynchronous suspension>
#14     FlutterCommandRunner.runCommand.<anonymous closure> (package:flutter_tools/src/runner/flutter_command_runner.dart:503:9)
<asynchronous suspension>
#15     AppContext.run.<anonymous closure> (package:flutter_tools/src/base/context.dart:154:19)
<asynchronous suspension>
#16     FlutterCommandRunner.runCommand (package:flutter_tools/src/runner/flutter_command_runner.dart:438:5)
<asynchronous suspension>
#17     run.<anonymous closure>.<anonymous closure> (package:flutter_tools/runner.dart:98:11)
<asynchronous suspension>
#18     AppContext.run.<anonymous closure> (package:flutter_tools/src/base/context.dart:154:19)
<asynchronous suspension>
#19     main (package:flutter_tools/executable.dart:101:3)
<asynchronous suspension>
```

## flutter doctor

```
[32m[✓][39m Flutter (Channel stable, 3.35.7, on macOS 15.7.2 24G325 darwin-arm64, locale en-IN) [697ms]
    [32m•[39m Flutter version 3.35.7 on channel stable at /Users/webtechsoft/Downloads/development/flutter
    [32m•[39m Upstream repository https://github.com/flutter/flutter.git
    [32m•[39m Framework revision adc9010625 (4 weeks ago), 2025-10-21 14:16:03 -0400
    [32m•[39m Engine revision 035316565a
    [32m•[39m Dart version 3.9.2
    [32m•[39m DevTools version 2.48.0
    [32m•[39m Feature flags: enable-web, enable-linux-desktop, enable-macos-desktop, enable-windows-desktop, enable-android, enable-ios,
      cli-animations, enable-lldb-debugging

[33m[!][39m Android toolchain - develop for Android devices (Android SDK version 35.0.0) [1,704ms]
    [32m•[39m Android SDK at /Users/webtechsoft/Library/Android/sdk
    [32m•[39m Emulator version 31.3.14.0 (build_id 9322596) (CL:N/A)
    [32m•[39m Platform android-36, build-tools 35.0.0
    [32m•[39m ANDROID_SDK_ROOT = /Users/webtechsoft/Library/Android/sdk
    [32m•[39m Java binary at: /Applications/Android Studio 2.app/Contents/jbr/Contents/Home/bin/java
      This is the JDK bundled with the latest Android Studio installation on this machine.
      To manually set the JDK path, use: `flutter config --jdk-dir="path/to/jdk"`.
    [32m•[39m Java version OpenJDK Runtime Environment (build 17.0.6+0-17.0.6b829.9-10027231)
    [33m![39m Some Android licenses not accepted. To resolve this, run: flutter doctor --android-licenses

[32m[✓][39m Xcode - develop for iOS and macOS (Xcode 26.0.1) [1,956ms]
    [32m•[39m Xcode at /Applications/Xcode.app/Contents/Developer
    [32m•[39m Build 17A400
    [32m•[39m CocoaPods version 1.16.2

[32m[✓][39m Chrome - develop for the web [7ms]
    [32m•[39m Chrome at /Applications/Google Chrome.app/Contents/MacOS/Google Chrome

[32m[✓][39m Android Studio (version 2022.3) [6ms]
    [32m•[39m Android Studio at /Applications/Android Studio 2.app/Contents
    [32m•[39m Flutter plugin can be installed from:
      🔨 https://plugins.jetbrains.com/plugin/9212-flutter
    [32m•[39m Dart plugin can be installed from:
      🔨 https://plugins.jetbrains.com/plugin/6351-dart
    [32m•[39m Java version OpenJDK Runtime Environment (build 17.0.6+0-17.0.6b829.9-10027231)

[32m[✓][39m VS Code (version 1.106.1) [5ms]
    [32m•[39m VS Code at /Applications/Visual Studio Code.app/Contents
    [32m•[39m Flutter extension version 3.122.0

[32m[✓][39m Connected device (4 available) [7.6s]
    [32m•[39m CPH2381 (mobile)   • 44391a48                             • android-arm64  • Android 14 (API 34)
    [32m•[39m iPhone 17 (mobile) • DDF5F475-C38A-42DF-9549-52833B4D07BA • ios            • com.apple.CoreSimulator.SimRuntime.iOS-26-1
      (simulator)
    [32m•[39m macOS (desktop)    • macos                                • darwin-arm64   • macOS 15.7.2 24G325 darwin-arm64
    [32m•[39m Chrome (web)       • chrome                               • web-javascript • Google Chrome 142.0.7444.176
    [33m![39m Error: Browsing on the local area network for webtech. Ensure the device is unlocked and attached with a cable or
      associated with the same local area network as this Mac.
      The device must be opted into Developer Mode to connect wirelessly. (code -27)

[32m[✓][39m Network resources [1,029ms]
    [32m•[39m All expected network resources are available.

[33m![39m Doctor found issues in 1 category.
```
